<html>
<body>
<pre>
<h1>µVision Build Log</h1>
<h2>Project:</h2>
C:\Keil\Labware\FINAL\ADC\Lab2.uvproj
Project File Date:  05/19/2022

<h2>Output:</h2>
Build target 'HelloLaunchPad'
compiling main.c...
adc_driver.h(38): warning:  #1-D: last line of file ends without a newline
  void ADCInit(sample_sequencer seq,emux_selector emux_sel, ssmux_selector seqmux_sel  );
main.c: 1 warning, 0 errors
linking...
Program Size: Code=2456 RO-data=2064 RW-data=68 ZI-data=1756  
".\HelloLaunchPad.axf" - 0 Error(s), 1 Warning(s).
