<html>
<body>
<pre>
<h1>µVision Build Log</h1>
<h2>Project:</h2>
C:\Keil\Labware\FINALed2\FINAL\ADC_lab - Copy (2)\SpaceInvaders.uvproj
Project File Date:  05/20/2022

<h2>Output:</h2>
Build target 'SpaceInvaders'
compiling SpaceInvaders.c...
Nokia5110.h(273): warning:  #1-D: last line of file ends without a newline
  void Print_Dec(unsigned short n);
../ADC/adc_driver.h(39): warning:  #1-D: last line of file ends without a newline
  //void ADC0Seq3_Handler(void);
../Timer0/Timer_0.h(41): warning:  #1-D: last line of file ends without a newline
  #endif 
SpaceInvaders.c: 3 warnings, 0 errors
compiling adc_driver.c...
..\final\adc_driver.h(38): warning:  #1-D: last line of file ends without a newline
  void ADCInit(sample_sequencer seq,emux_selector emux_sel, ssmux_selector seqmux_sel  );
..\final\adc_driver.c: 1 warning, 0 errors
compiling gpio.c...
compiling gpio_cfg.c...
linking...
Program Size: Code=5788 RO-data=8104 RW-data=584 ZI-data=4344  
".\SpaceInvaders.axf" - 0 Error(s), 4 Warning(s).
Load "C:\\Keil\\Labware\\FINALed2\\FINAL\\ADC_lab - Copy (2)\\SpaceInvaders.axf" 
Connecting: Mode=JTAG, Speed=1000000Hz
Erase Done.
Programming Done.
Verify OK.
Load "C:\\Keil\\Labware\\FINALed2\\FINAL\\ADC_lab - Copy (2)\\SpaceInvaders.axf" 
Connecting: Mode=JTAG, Speed=1000000Hz
Erase Done.
Programming Done.
Verify OK.
</pre>
</body>
</html>
).
Load "C:\\Keil\\Labware\\FINALed2\\FINAL\\ADC_lab - Copy (2)\\SpaceInvaders.axf" 
Connecting: Mode=JTAG, Speed=1000000Hz
Erase Done.
Programming Done.
Verify OK.
