ARM Linker, 5.03 [Build 76] [MDK-ARM Lite]

==============================================================================

Section Cross References

    startup.o(STACK) refers (Special) to heapauxi.o(.text) for __use_two_region_memory
    startup.o(HEAP) refers (Special) to heapauxi.o(.text) for __use_two_region_memory
    startup.o(RESET) refers (Special) to heapauxi.o(.text) for __use_two_region_memory
    startup.o(RESET) refers to startup.o(STACK) for StackMem
    startup.o(RESET) refers to timer0.o(i.Timer0A_Handler) for Timer0A_Handler
    startup.o(RESET) refers to texas.o(i.Timer4A_Handler) for Timer4A_Handler
    startup.o(RESET) refers to texas.o(i.Timer5A_Handler) for Timer5A_Handler
    startup.o(RESET) refers to __main.o(!!!main) for __main
    startup.o(.text) refers (Special) to heapauxi.o(.text) for __use_two_region_memory
    startup.o(.text) refers to startup.o(HEAP) for HeapMem
    startup.o(.text) refers to startup.o(STACK) for StackMem
    random.o(.text) refers to random.o(DATA) for M
    spaceinvaders.o(i.Delay100ms) refers to spaceinvaders.o(.data) for t
    spaceinvaders.o(i.Game_Over) refers to virtualnokia5110.o(i.Nokia5110_Clear) for Nokia5110_Clear
    spaceinvaders.o(i.Game_Over) refers to virtualnokia5110.o(i.Nokia5110_SetCursor) for Nokia5110_SetCursor
    spaceinvaders.o(i.Game_Over) refers to virtualnokia5110.o(i.Nokia5110_OutString) for Nokia5110_OutString
    spaceinvaders.o(i.Game_Over) refers to virtualnokia5110.o(i.Nokia5110_OutUDec) for Nokia5110_OutUDec
    spaceinvaders.o(i.Game_Over) refers to spaceinvaders.o(i.Delay100ms) for Delay100ms
    spaceinvaders.o(i.Game_Over) refers to spaceinvaders.o(i.Init_Game) for Init_Game
    spaceinvaders.o(i.Game_Over) refers to spaceinvaders.o(i.Play) for Play
    spaceinvaders.o(i.Game_Over) refers to spaceinvaders.o(.data) for score
    spaceinvaders.o(i.Game_Over) refers to gpio.o(.data) for GPIO_PORTS_REGS
    spaceinvaders.o(i.Get_Per) refers to spaceinvaders.o(i.Permutation_Gen) for Permutation_Gen
    spaceinvaders.o(i.Init_Game) refers to spaceinvaders.o(.bss) for arr
    spaceinvaders.o(i.Init_Game) refers to spaceinvaders.o(.constdata) for ENEMY
    spaceinvaders.o(i.Init_Game) refers to spaceinvaders.o(.data) for ch
    spaceinvaders.o(i.Init_Player) refers to spaceinvaders.o(.bss) for racer
    spaceinvaders.o(i.Init_Player) refers to spaceinvaders.o(.constdata) for PLAYER
    spaceinvaders.o(i.Init_enemy) refers to rand.o(.emb_text) for rand
    spaceinvaders.o(i.Init_enemy) refers to spaceinvaders.o(.bss) for per
    spaceinvaders.o(i.Permutation_Gen) refers to spaceinvaders.o(.bss) for vis
    spaceinvaders.o(i.Permutation_Gen) refers to spaceinvaders.o(.data) for n
    spaceinvaders.o(i.Play) refers to spaceinvaders.o(i.Start) for Start
    spaceinvaders.o(i.Play) refers to spaceinvaders.o(i.Game_Over) for Game_Over
    spaceinvaders.o(i.Play) refers to spaceinvaders.o(.bss) for racer
    spaceinvaders.o(i.Start) refers to spaceinvaders.o(i.Init_enemy) for Init_enemy
    spaceinvaders.o(i.Start) refers to spaceinvaders.o(i.Init_Player) for Init_Player
    spaceinvaders.o(i.Start) refers to spaceinvaders.o(i.move_racer) for move_racer
    spaceinvaders.o(i.Start) refers to spaceinvaders.o(i.move_enemy) for move_enemy
    spaceinvaders.o(i.Start) refers to virtualnokia5110.o(i.Nokia5110_ClearBuffer) for Nokia5110_ClearBuffer
    spaceinvaders.o(i.Start) refers to virtualnokia5110.o(i.Nokia5110_DisplayBuffer) for Nokia5110_DisplayBuffer
    spaceinvaders.o(i.Start) refers to virtualnokia5110.o(i.Nokia5110_PrintBMP) for Nokia5110_PrintBMP
    spaceinvaders.o(i.Start) refers to virtualnokia5110.o(i.Nokia5110_SetCursor) for Nokia5110_SetCursor
    spaceinvaders.o(i.Start) refers to virtualnokia5110.o(i.Print_Dec) for Print_Dec
    spaceinvaders.o(i.Start) refers to spaceinvaders.o(i.Delay100ms) for Delay100ms
    spaceinvaders.o(i.Start) refers to spaceinvaders.o(i.isalive) for isalive
    spaceinvaders.o(i.Start) refers to spaceinvaders.o(.data) for adcData
    spaceinvaders.o(i.Start) refers to spaceinvaders.o(.constdata) for boundary
    spaceinvaders.o(i.Start) refers to spaceinvaders.o(.bss) for racer
    spaceinvaders.o(i.isalive) refers to virtualnokia5110.o(i.Nokia5110_PrintBMP) for Nokia5110_PrintBMP
    spaceinvaders.o(i.isalive) refers to virtualnokia5110.o(i.Nokia5110_DisplayBuffer) for Nokia5110_DisplayBuffer
    spaceinvaders.o(i.isalive) refers to spaceinvaders.o(i.Delay100ms) for Delay100ms
    spaceinvaders.o(i.isalive) refers to spaceinvaders.o(.bss) for en
    spaceinvaders.o(i.isalive) refers to spaceinvaders.o(.constdata) for ENEMY
    spaceinvaders.o(i.isalive) refers to gpio.o(.data) for GPIO_PORTS_REGS
    spaceinvaders.o(i.isalive) refers to spaceinvaders.o(.data) for ch
    spaceinvaders.o(i.main) refers to gpio.o(i.Gpio_Init) for Gpio_Init
    spaceinvaders.o(i.main) refers to adc_driver.o(i.ADCInit) for ADCInit
    spaceinvaders.o(i.main) refers to random.o(.text) for Random_Init
    spaceinvaders.o(i.main) refers to virtualnokia5110.o(i.Nokia5110_Init) for Nokia5110_Init
    spaceinvaders.o(i.main) refers to timer0.o(i.Timer0_Init) for Timer0_Init
    spaceinvaders.o(i.main) refers to startup.o(.text) for EnableInterrupts
    spaceinvaders.o(i.main) refers to spaceinvaders.o(i.Get_Per) for Get_Per
    spaceinvaders.o(i.main) refers to spaceinvaders.o(i.Init_Game) for Init_Game
    spaceinvaders.o(i.main) refers to virtualnokia5110.o(i.Nokia5110_ClearBuffer) for Nokia5110_ClearBuffer
    spaceinvaders.o(i.main) refers to virtualnokia5110.o(i.Nokia5110_DisplayBuffer) for Nokia5110_DisplayBuffer
    spaceinvaders.o(i.main) refers to virtualnokia5110.o(i.Nokia5110_PrintBMP) for Nokia5110_PrintBMP
    spaceinvaders.o(i.main) refers to spaceinvaders.o(i.Delay100ms) for Delay100ms
    spaceinvaders.o(i.main) refers to spaceinvaders.o(i.Play) for Play
    spaceinvaders.o(i.main) refers to spaceinvaders.o(.data) for delay
    spaceinvaders.o(i.main) refers to gpio_cfg.o(.data) for portsCfgs
    spaceinvaders.o(i.main) refers to spaceinvaders.o(i.speed_up) for speed_up
    spaceinvaders.o(i.main) refers to spaceinvaders.o(.constdata) for st
    spaceinvaders.o(i.move_enemy) refers to spaceinvaders.o(i.Init_enemy) for Init_enemy
    spaceinvaders.o(i.move_enemy) refers to spaceinvaders.o(.bss) for en
    spaceinvaders.o(i.move_racer) refers to spaceinvaders.o(.bss) for racer
    spaceinvaders.o(i.move_racer) refers to spaceinvaders.o(.constdata) for PLAYER
    spaceinvaders.o(i.speed_up) refers to spaceinvaders.o(.data) for t
    texas.o(i.SetCode) refers to texas.o(.bss) for TExaS
    texas.o(i.SetCourse) refers to texas.o(.bss) for TExaS
    texas.o(i.SetMode) refers to texas.o(.bss) for TExaS
    texas.o(i.StartTimer4) refers to texas.o(.data) for ScopeCount
    texas.o(i.TExaS_Init) refers to texas.o(i.PLL_Init) for PLL_Init
    texas.o(i.TExaS_Init) refers to texas.o(i.SetCourse) for SetCourse
    texas.o(i.TExaS_Init) refers to texas.o(i.UART0_Init) for UART0_Init
    texas.o(i.TExaS_Init) refers to texas.o(i.SetCode) for SetCode
    texas.o(i.TExaS_Init) refers to texas.o(i.ADC1_Init) for ADC1_Init
    texas.o(i.TExaS_Init) refers to texas.o(.constdata) for IntroMsg
    texas.o(i.TExaS_Init) refers to texas.o(.bss) for TExaS
    texas.o(i.TExaS_Init) refers to texas.o(.data) for LastMode
    texas.o(i.Timer5A_Handler) refers to texas.o(i.ADC1_In) for ADC1_In
    texas.o(i.Timer5A_Handler) refers to texas.o(.data) for TExaS_Period
    virtualnokia5110.o(i.Nokia5110_Clear) refers to virtualnokia5110.o(i.lcdwrite) for lcdwrite
    virtualnokia5110.o(i.Nokia5110_Clear) refers to virtualnokia5110.o(i.Nokia5110_SetCursor) for Nokia5110_SetCursor
    virtualnokia5110.o(i.Nokia5110_ClearBuffer) refers to virtualnokia5110.o(.bss) for Screen
    virtualnokia5110.o(i.Nokia5110_DisplayBuffer) refers to virtualnokia5110.o(i.Nokia5110_DrawFullImage) for Nokia5110_DrawFullImage
    virtualnokia5110.o(i.Nokia5110_DisplayBuffer) refers to virtualnokia5110.o(.bss) for Screen
    virtualnokia5110.o(i.Nokia5110_DrawFullImage) refers to virtualnokia5110.o(i.Nokia5110_SetCursor) for Nokia5110_SetCursor
    virtualnokia5110.o(i.Nokia5110_DrawFullImage) refers to virtualnokia5110.o(i.lcdwrite) for lcdwrite
    virtualnokia5110.o(i.Nokia5110_Init) refers to virtualnokia5110.o(i.lcdwrite) for lcdwrite
    virtualnokia5110.o(i.Nokia5110_OutChar) refers to virtualnokia5110.o(i.lcdwrite) for lcdwrite
    virtualnokia5110.o(i.Nokia5110_OutChar) refers to virtualnokia5110.o(.constdata) for ASCII
    virtualnokia5110.o(i.Nokia5110_OutString) refers to virtualnokia5110.o(i.Nokia5110_OutChar) for Nokia5110_OutChar
    virtualnokia5110.o(i.Nokia5110_OutUDec) refers to virtualnokia5110.o(i.Nokia5110_OutString) for Nokia5110_OutString
    virtualnokia5110.o(i.Nokia5110_OutUDec) refers to virtualnokia5110.o(i.Nokia5110_OutChar) for Nokia5110_OutChar
    virtualnokia5110.o(i.Nokia5110_PrintBMP) refers to virtualnokia5110.o(.bss) for Screen
    virtualnokia5110.o(i.Nokia5110_SetCursor) refers to virtualnokia5110.o(i.lcdwrite) for lcdwrite
    virtualnokia5110.o(i.Print_Char) refers to virtualnokia5110.o(i.lcdwrite) for lcdwrite
    virtualnokia5110.o(i.Print_Char) refers to virtualnokia5110.o(.constdata) for ASCII
    virtualnokia5110.o(i.Print_Dec) refers to virtualnokia5110.o(i.Print_Char) for Print_Char
    virtualnokia5110.o(i.Print_Dec) refers to virtualnokia5110.o(i.lcdwrite) for lcdwrite
    timer0.o(i.Timer0A_Handler) refers to timer0.o(.data) for TIMER0_cfg
    timer0.o(i.Timer0_Init) refers to timer0.o(.data) for PeriodicTask
    adc_driver.o(i.ADCInit) refers to gpio.o(.data) for GPIO_PORTS_REGS
    adc_driver.o(i.ADCInit) refers to adc_driver.o(.data) for ADC0_CFGS
    gpio.o(i.Gpio_DigAngSel) refers to gpio.o(.data) for GPIO_PORTS_REGS
    gpio.o(i.Gpio_Init) refers to gpio.o(.data) for pt
    gpio.o(i.Gpio_PullDown) refers to gpio.o(.data) for GPIO_PORTS_REGS
    gpio.o(i.Gpio_PullUp) refers to gpio.o(.data) for GPIO_PORTS_REGS
    rand.o(.emb_text) refers (Special) to libinit2.o(.ARM.Collect$$libinit$$0000000B) for __rt_lib_init_rand_2
    rand.o(.emb_text) refers to rand.o(.text) for _rand_init
    rand.o(.emb_text) refers to rand.o(.bss) for _random_number_data
    rand.o(.text) refers (Special) to libinit2.o(.ARM.Collect$$libinit$$0000000B) for __rt_lib_init_rand_2
    rand.o(.text) refers to rand.o(.bss) for .bss
    rand.o(.bss) refers (Special) to libinit2.o(.ARM.Collect$$libinit$$0000000B) for __rt_lib_init_rand_2
    __main.o(!!!main) refers to rtentry.o(.ARM.Collect$$rtentry$$00000000) for __rt_entry
    rtentry.o(.ARM.Collect$$rtentry$$00000000) refers (Special) to rtentry2.o(.ARM.Collect$$rtentry$$0000000A) for __rt_entry_li
    rtentry.o(.ARM.Collect$$rtentry$$00000000) refers (Special) to rtentry2.o(.ARM.Collect$$rtentry$$0000000D) for __rt_entry_main
    rtentry.o(.ARM.Collect$$rtentry$$00000000) refers (Special) to rtentry2.o(.ARM.Collect$$rtentry$$0000000C) for __rt_entry_postli_1
    rtentry.o(.ARM.Collect$$rtentry$$00000000) refers (Special) to rtentry2.o(.ARM.Collect$$rtentry$$00000009) for __rt_entry_postsh_1
    rtentry.o(.ARM.Collect$$rtentry$$00000000) refers (Special) to rtentry2.o(.ARM.Collect$$rtentry$$00000002) for __rt_entry_presh_1
    rtentry.o(.ARM.Collect$$rtentry$$00000000) refers (Special) to rtentry4.o(.ARM.Collect$$rtentry$$00000004) for __rt_entry_sh
    libinit2.o(.ARM.Collect$$libinit$$0000000B) refers (Weak) to rand.o(.text) for _rand_init
    libinit2.o(.ARM.Collect$$libinit$$0000000E) refers to libinit2.o(.ARM.Collect$$libinit$$0000000D) for .ARM.Collect$$libinit$$0000000D
    libinit2.o(.ARM.Collect$$libinit$$00000010) refers to libinit2.o(.ARM.Collect$$libinit$$0000000D) for .ARM.Collect$$libinit$$0000000D
    libinit2.o(.ARM.Collect$$libinit$$00000012) refers to libinit2.o(.ARM.Collect$$libinit$$0000000D) for .ARM.Collect$$libinit$$0000000D
    libinit2.o(.ARM.Collect$$libinit$$00000014) refers to libinit2.o(.ARM.Collect$$libinit$$0000000D) for .ARM.Collect$$libinit$$0000000D
    libinit2.o(.ARM.Collect$$libinit$$00000016) refers to libinit2.o(.ARM.Collect$$libinit$$0000000D) for .ARM.Collect$$libinit$$0000000D
    libinit2.o(.ARM.Collect$$libinit$$00000024) refers to argv_veneer.o(.emb_text) for __ARM_argv_veneer
    libinit2.o(.ARM.Collect$$libinit$$00000025) refers to argv_veneer.o(.emb_text) for __ARM_argv_veneer
    rtentry2.o(.ARM.Collect$$rtentry$$00000008) refers to boardinit2.o(.text) for _platform_post_stackheap_init
    rtentry2.o(.ARM.Collect$$rtentry$$0000000A) refers to libinit.o(.ARM.Collect$$libinit$$00000000) for __rt_lib_init
    rtentry2.o(.ARM.Collect$$rtentry$$0000000B) refers to boardinit3.o(.text) for _platform_post_lib_init
    rtentry2.o(.ARM.Collect$$rtentry$$0000000D) refers to spaceinvaders.o(i.main) for main
    rtentry2.o(.ARM.Collect$$rtentry$$0000000D) refers to exit.o(.text) for exit
    rtentry2.o(.ARM.exidx) refers to rtentry2.o(.ARM.Collect$$rtentry$$00000001) for .ARM.Collect$$rtentry$$00000001
    rtentry2.o(.ARM.exidx) refers to rtentry2.o(.ARM.Collect$$rtentry$$00000008) for .ARM.Collect$$rtentry$$00000008
    rtentry2.o(.ARM.exidx) refers to rtentry2.o(.ARM.Collect$$rtentry$$0000000A) for .ARM.Collect$$rtentry$$0000000A
    rtentry2.o(.ARM.exidx) refers to rtentry2.o(.ARM.Collect$$rtentry$$0000000B) for .ARM.Collect$$rtentry$$0000000B
    rtentry2.o(.ARM.exidx) refers to rtentry2.o(.ARM.Collect$$rtentry$$0000000D) for .ARM.Collect$$rtentry$$0000000D
    rtentry4.o(.ARM.Collect$$rtentry$$00000004) refers to sys_stackheap_outer.o(.text) for __user_setup_stackheap
    rtentry4.o(.ARM.exidx) refers to rtentry4.o(.ARM.Collect$$rtentry$$00000004) for .ARM.Collect$$rtentry$$00000004
    argv_veneer.o(.emb_text) refers to no_argv.o(.text) for __ARM_get_argv
    sys_stackheap_outer.o(.text) refers to libspace.o(.text) for __user_perproc_libspace
    sys_stackheap_outer.o(.text) refers to startup.o(.text) for __user_initial_stackheap
    exit.o(.text) refers to rtexit.o(.ARM.Collect$$rtexit$$00000000) for __rt_exit
    _get_argv_nomalloc.o(.text) refers (Special) to hrguard.o(.text) for __heap_region$guard
    _get_argv_nomalloc.o(.text) refers to defsig_rtmem_outer.o(.text) for __rt_SIGRTMEM
    _get_argv_nomalloc.o(.text) refers to sys_command.o(.text) for _sys_command_string
    libinit.o(.ARM.Collect$$libinit$$00000000) refers (Special) to libinit2.o(.ARM.Collect$$libinit$$0000002C) for __rt_lib_init_alloca_1
    libinit.o(.ARM.Collect$$libinit$$00000000) refers (Special) to libinit2.o(.ARM.Collect$$libinit$$0000002A) for __rt_lib_init_argv_1
    libinit.o(.ARM.Collect$$libinit$$00000000) refers (Special) to libinit2.o(.ARM.Collect$$libinit$$00000019) for __rt_lib_init_atexit_1
    libinit.o(.ARM.Collect$$libinit$$00000000) refers (Special) to libinit2.o(.ARM.Collect$$libinit$$0000001F) for __rt_lib_init_clock_1
    libinit.o(.ARM.Collect$$libinit$$00000000) refers (Special) to libinit2.o(.ARM.Collect$$libinit$$00000030) for __rt_lib_init_cpp_1
    libinit.o(.ARM.Collect$$libinit$$00000000) refers (Special) to libinit2.o(.ARM.Collect$$libinit$$0000002E) for __rt_lib_init_exceptions_1
    libinit.o(.ARM.Collect$$libinit$$00000000) refers (Special) to libinit2.o(.ARM.Collect$$libinit$$00000002) for __rt_lib_init_fp_1
    libinit.o(.ARM.Collect$$libinit$$00000000) refers (Special) to libinit2.o(.ARM.Collect$$libinit$$0000001D) for __rt_lib_init_fp_trap_1
    libinit.o(.ARM.Collect$$libinit$$00000000) refers (Special) to libinit2.o(.ARM.Collect$$libinit$$00000021) for __rt_lib_init_getenv_1
    libinit.o(.ARM.Collect$$libinit$$00000000) refers (Special) to libinit2.o(.ARM.Collect$$libinit$$00000008) for __rt_lib_init_heap_1
    libinit.o(.ARM.Collect$$libinit$$00000000) refers (Special) to libinit2.o(.ARM.Collect$$libinit$$0000000F) for __rt_lib_init_lc_collate_1
    libinit.o(.ARM.Collect$$libinit$$00000000) refers (Special) to libinit2.o(.ARM.Collect$$libinit$$00000011) for __rt_lib_init_lc_ctype_1
    libinit.o(.ARM.Collect$$libinit$$00000000) refers (Special) to libinit2.o(.ARM.Collect$$libinit$$00000013) for __rt_lib_init_lc_monetary_1
    libinit.o(.ARM.Collect$$libinit$$00000000) refers (Special) to libinit2.o(.ARM.Collect$$libinit$$00000015) for __rt_lib_init_lc_numeric_1
    libinit.o(.ARM.Collect$$libinit$$00000000) refers (Special) to libinit2.o(.ARM.Collect$$libinit$$00000017) for __rt_lib_init_lc_time_1
    libinit.o(.ARM.Collect$$libinit$$00000000) refers (Special) to libinit2.o(.ARM.Collect$$libinit$$0000000C) for __rt_lib_init_rand_1
    libinit.o(.ARM.Collect$$libinit$$00000000) refers (Special) to libinit2.o(.ARM.Collect$$libinit$$00000031) for __rt_lib_init_return
    libinit.o(.ARM.Collect$$libinit$$00000000) refers (Special) to libinit2.o(.ARM.Collect$$libinit$$0000001B) for __rt_lib_init_signal_1
    libinit.o(.ARM.Collect$$libinit$$00000000) refers (Special) to libinit2.o(.ARM.Collect$$libinit$$00000023) for __rt_lib_init_stdio_1
    libinit.o(.ARM.Collect$$libinit$$00000000) refers (Special) to libinit2.o(.ARM.Collect$$libinit$$0000000A) for __rt_lib_init_user_alloc_1
    sys_command.o(.text) refers (Special) to use_no_semi.o(.text) for __I$use$semihosting
    sys_command.o(.text) refers (Special) to indicate_semi.o(.text) for __semihosting_library_function
    libspace.o(.text) refers to libspace.o(.bss) for __libspace_start
    rtexit.o(.ARM.Collect$$rtexit$$00000000) refers (Special) to rtexit2.o(.ARM.Collect$$rtexit$$00000004) for __rt_exit_exit
    rtexit.o(.ARM.Collect$$rtexit$$00000000) refers (Special) to rtexit2.o(.ARM.Collect$$rtexit$$00000003) for __rt_exit_ls
    rtexit.o(.ARM.Collect$$rtexit$$00000000) refers (Special) to rtexit2.o(.ARM.Collect$$rtexit$$00000002) for __rt_exit_prels_1
    rtexit.o(.ARM.exidx) refers (Special) to rtexit2.o(.ARM.Collect$$rtexit$$00000004) for __rt_exit_exit
    rtexit.o(.ARM.exidx) refers (Special) to rtexit2.o(.ARM.Collect$$rtexit$$00000003) for __rt_exit_ls
    rtexit.o(.ARM.exidx) refers (Special) to rtexit2.o(.ARM.Collect$$rtexit$$00000002) for __rt_exit_prels_1
    rtexit.o(.ARM.exidx) refers to rtexit.o(.ARM.Collect$$rtexit$$00000000) for .ARM.Collect$$rtexit$$00000000
    defsig_rtmem_outer.o(.text) refers to defsig_rtmem_inner.o(.text) for __rt_SIGRTMEM_inner
    defsig_rtmem_outer.o(.text) refers to defsig_exit.o(.text) for __sig_exit
    defsig_rtmem_formal.o(.text) refers to rt_raise.o(.text) for __rt_raise
    rtexit2.o(.ARM.Collect$$rtexit$$00000003) refers to libshutdown.o(.ARM.Collect$$libshutdown$$00000000) for __rt_lib_shutdown
    rtexit2.o(.ARM.Collect$$rtexit$$00000004) refers to sys_exit.o(.text) for _sys_exit
    rtexit2.o(.ARM.exidx) refers to rtexit2.o(.ARM.Collect$$rtexit$$00000001) for .ARM.Collect$$rtexit$$00000001
    rtexit2.o(.ARM.exidx) refers to rtexit2.o(.ARM.Collect$$rtexit$$00000003) for .ARM.Collect$$rtexit$$00000003
    rtexit2.o(.ARM.exidx) refers to rtexit2.o(.ARM.Collect$$rtexit$$00000004) for .ARM.Collect$$rtexit$$00000004
    rt_raise.o(.text) refers to __raise.o(.text) for __raise
    rt_raise.o(.text) refers to sys_exit.o(.text) for _sys_exit
    defsig_exit.o(.text) refers to sys_exit.o(.text) for _sys_exit
    defsig_rtmem_inner.o(.text) refers to defsig_general.o(.text) for __default_signal_display
    sys_exit.o(.text) refers (Special) to use_no_semi.o(.text) for __I$use$semihosting
    sys_exit.o(.text) refers (Special) to indicate_semi.o(.text) for __semihosting_library_function
    __raise.o(.text) refers to defsig.o(CL$$defsig) for __default_signal_handler
    defsig_general.o(.text) refers to sys_wrch.o(.text) for _ttywrch
    libshutdown.o(.ARM.Collect$$libshutdown$$00000000) refers (Special) to libshutdown2.o(.ARM.Collect$$libshutdown$$00000006) for __rt_lib_shutdown_fp_trap_1
    libshutdown.o(.ARM.Collect$$libshutdown$$00000000) refers (Special) to libshutdown2.o(.ARM.Collect$$libshutdown$$0000000E) for __rt_lib_shutdown_heap_1
    libshutdown.o(.ARM.Collect$$libshutdown$$00000000) refers (Special) to libshutdown2.o(.ARM.Collect$$libshutdown$$0000000F) for __rt_lib_shutdown_return
    libshutdown.o(.ARM.Collect$$libshutdown$$00000000) refers (Special) to libshutdown2.o(.ARM.Collect$$libshutdown$$00000009) for __rt_lib_shutdown_signal_1
    libshutdown.o(.ARM.Collect$$libshutdown$$00000000) refers (Special) to libshutdown2.o(.ARM.Collect$$libshutdown$$00000003) for __rt_lib_shutdown_stdio_1
    libshutdown.o(.ARM.Collect$$libshutdown$$00000000) refers (Special) to libshutdown2.o(.ARM.Collect$$libshutdown$$0000000B) for __rt_lib_shutdown_user_alloc_1
    sys_wrch.o(.text) refers (Special) to use_no_semi.o(.text) for __I$use$semihosting
    sys_wrch.o(.text) refers (Special) to indicate_semi.o(.text) for __semihosting_library_function
    defsig.o(CL$$defsig) refers to defsig_rtmem_inner.o(.text) for __rt_SIGRTMEM_inner
    defsig_abrt_inner.o(.text) refers to defsig_general.o(.text) for __default_signal_display
    defsig_fpe_inner.o(.text) refers to defsig_general.o(.text) for __default_signal_display
    defsig_rtred_inner.o(.text) refers to defsig_general.o(.text) for __default_signal_display
    defsig_stak_inner.o(.text) refers to defsig_general.o(.text) for __default_signal_display
    defsig_pvfn_inner.o(.text) refers to defsig_general.o(.text) for __default_signal_display
    defsig_cppl_inner.o(.text) refers to defsig_general.o(.text) for __default_signal_display
    defsig_segv_inner.o(.text) refers to defsig_general.o(.text) for __default_signal_display
    defsig_other.o(.text) refers to defsig_general.o(.text) for __default_signal_display


==============================================================================

Removing Unused input sections from the image.

    Removing spaceinvaders.o(.rev16_text), (4 bytes).
    Removing spaceinvaders.o(.revsh_text), (4 bytes).
    Removing texas.o(i.ADC1_Init), (212 bytes).
    Removing texas.o(i.PLL_Init), (124 bytes).
    Removing texas.o(i.SetCode), (24 bytes).
    Removing texas.o(i.SetCourse), (24 bytes).
    Removing texas.o(i.SetMode), (24 bytes).
    Removing texas.o(i.StartTimer4), (36 bytes).
    Removing texas.o(i.StopTimer4), (24 bytes).
    Removing texas.o(i.TExaS_Init), (452 bytes).
    Removing texas.o(i.TExaS_Stop), (28 bytes).
    Removing texas.o(i.UART0_InChar), (24 bytes).
    Removing texas.o(i.UART0_InCharNonBlocking), (28 bytes).
    Removing texas.o(i.UART0_Init), (192 bytes).
    Removing texas.o(i.UART0_OutChar), (24 bytes).
    Removing texas.o(i.UART0_OutCharNonBlock), (12 bytes).
    Removing texas.o(i.copy), (18 bytes).
    Removing texas.o(.bss), (56 bytes).
    Removing texas.o(.constdata), (360 bytes).
    Removing timer0.o(.rev16_text), (4 bytes).
    Removing timer0.o(.revsh_text), (4 bytes).
    Removing adc_driver.o(.rev16_text), (4 bytes).
    Removing adc_driver.o(.revsh_text), (4 bytes).
    Removing gpio.o(.rev16_text), (4 bytes).
    Removing gpio.o(.revsh_text), (4 bytes).
    Removing gpio.o(i.Gpio_DigAngSel), (176 bytes).
    Removing gpio.o(i.Gpio_PullDown), (120 bytes).
    Removing gpio.o(i.Gpio_PullUp), (120 bytes).

28 unused section(s) (total 2110 bytes) removed from the image.

==============================================================================

Image Symbol Table

    Local Symbols

    Symbol Name                              Value     Ov Type        Size  Object(Section)

    RESET                                    0x00000000   Section      644  startup.o(RESET)
    ../clib/angel/boardlib.s                 0x00000000   Number         0  boardinit3.o ABSOLUTE
    ../clib/angel/boardlib.s                 0x00000000   Number         0  boardinit2.o ABSOLUTE
    ../clib/angel/boardlib.s                 0x00000000   Number         0  boardshut.o ABSOLUTE
    ../clib/angel/boardlib.s                 0x00000000   Number         0  boardinit1.o ABSOLUTE
    ../clib/angel/dczerorl2.s                0x00000000   Number         0  __dczerorl2.o ABSOLUTE
    ../clib/angel/handlers.s                 0x00000000   Number         0  __scatter_zi.o ABSOLUTE
    ../clib/angel/kernel.s                   0x00000000   Number         0  rtexit.o ABSOLUTE
    ../clib/angel/kernel.s                   0x00000000   Number         0  rtentry2.o ABSOLUTE
    ../clib/angel/kernel.s                   0x00000000   Number         0  rtexit2.o ABSOLUTE
    ../clib/angel/kernel.s                   0x00000000   Number         0  rtentry4.o ABSOLUTE
    ../clib/angel/kernel.s                   0x00000000   Number         0  rtentry.o ABSOLUTE
    ../clib/angel/rt.s                       0x00000000   Number         0  rt_raise.o ABSOLUTE
    ../clib/angel/scatter.s                  0x00000000   Number         0  __scatter.o ABSOLUTE
    ../clib/angel/startup.s                  0x00000000   Number         0  __main.o ABSOLUTE
    ../clib/angel/sys.s                      0x00000000   Number         0  sys_stackheap_outer.o ABSOLUTE
    ../clib/angel/sys.s                      0x00000000   Number         0  indicate_semi.o ABSOLUTE
    ../clib/angel/sys.s                      0x00000000   Number         0  use_no_semi.o ABSOLUTE
    ../clib/angel/sys.s                      0x00000000   Number         0  libspace.o ABSOLUTE
    ../clib/angel/sysapp.c                   0x00000000   Number         0  sys_wrch.o ABSOLUTE
    ../clib/angel/sysapp.c                   0x00000000   Number         0  sys_exit.o ABSOLUTE
    ../clib/angel/sysapp.c                   0x00000000   Number         0  sys_command.o ABSOLUTE
    ../clib/armsys.c                         0x00000000   Number         0  no_argv.o ABSOLUTE
    ../clib/armsys.c                         0x00000000   Number         0  _get_argv_nomalloc.o ABSOLUTE
    ../clib/armsys.c                         0x00000000   Number         0  argv_veneer.o ABSOLUTE
    ../clib/armsys.c                         0x00000000   Number         0  argv_veneer.o ABSOLUTE
    ../clib/heapalloc.c                      0x00000000   Number         0  hrguard.o ABSOLUTE
    ../clib/heapaux.c                        0x00000000   Number         0  heapauxi.o ABSOLUTE
    ../clib/libinit.s                        0x00000000   Number         0  libshutdown2.o ABSOLUTE
    ../clib/libinit.s                        0x00000000   Number         0  libshutdown.o ABSOLUTE
    ../clib/libinit.s                        0x00000000   Number         0  libinit2.o ABSOLUTE
    ../clib/libinit.s                        0x00000000   Number         0  libinit.o ABSOLUTE
    ../clib/signal.c                         0x00000000   Number         0  defsig_rtred_inner.o ABSOLUTE
    ../clib/signal.c                         0x00000000   Number         0  defsig_stak_inner.o ABSOLUTE
    ../clib/signal.c                         0x00000000   Number         0  defsig_pvfn_inner.o ABSOLUTE
    ../clib/signal.c                         0x00000000   Number         0  defsig_cppl_inner.o ABSOLUTE
    ../clib/signal.c                         0x00000000   Number         0  defsig_segv_inner.o ABSOLUTE
    ../clib/signal.c                         0x00000000   Number         0  defsig_other.o ABSOLUTE
    ../clib/signal.c                         0x00000000   Number         0  defsig_abrt_inner.o ABSOLUTE
    ../clib/signal.c                         0x00000000   Number         0  defsig_general.o ABSOLUTE
    ../clib/signal.c                         0x00000000   Number         0  __raise.o ABSOLUTE
    ../clib/signal.c                         0x00000000   Number         0  defsig_rtmem_inner.o ABSOLUTE
    ../clib/signal.c                         0x00000000   Number         0  defsig_exit.o ABSOLUTE
    ../clib/signal.c                         0x00000000   Number         0  defsig_fpe_inner.o ABSOLUTE
    ../clib/signal.c                         0x00000000   Number         0  defsig_rtmem_formal.o ABSOLUTE
    ../clib/signal.c                         0x00000000   Number         0  defsig_rtmem_outer.o ABSOLUTE
    ../clib/signal.s                         0x00000000   Number         0  defsig.o ABSOLUTE
    ../clib/stdlib.c                         0x00000000   Number         0  rand.o ABSOLUTE
    ../clib/stdlib.c                         0x00000000   Number         0  rand.o ABSOLUTE
    ../clib/stdlib.c                         0x00000000   Number         0  exit.o ABSOLUTE
    ../fplib/fpinit.s                        0x00000000   Number         0  fpinit.o ABSOLUTE
    ..\Timer0\Timer0.c                       0x00000000   Number         0  timer0.o ABSOLUTE
    ..\\Timer0\\Timer0.c                     0x00000000   Number         0  timer0.o ABSOLUTE
    ..\\driver\\gpio.c                       0x00000000   Number         0  gpio.o ABSOLUTE
    ..\\final\\adc_driver.c                  0x00000000   Number         0  adc_driver.o ABSOLUTE
    ..\driver\gpio.c                         0x00000000   Number         0  gpio.o ABSOLUTE
    ..\driver\gpio_cfg.c                     0x00000000   Number         0  gpio_cfg.o ABSOLUTE
    ..\final\adc_driver.c                    0x00000000   Number         0  adc_driver.o ABSOLUTE
    SpaceInvaders.c                          0x00000000   Number         0  spaceinvaders.o ABSOLUTE
    SpaceInvaders.c                          0x00000000   Number         0  spaceinvaders.o ABSOLUTE
    TExaS.c                                  0x00000000   Number         0  texas.o ABSOLUTE
    VirtualNokia5110.c                       0x00000000   Number         0  virtualnokia5110.o ABSOLUTE
    dc.s                                     0x00000000   Number         0  dc.o ABSOLUTE
    random.s                                 0x00000000   Number         0  random.o ABSOLUTE
    startup.s                                0x00000000   Number         0  startup.o ABSOLUTE
    !!!main                                  0x00000284   Section        8  __main.o(!!!main)
    !!!scatter                               0x0000028c   Section       52  __scatter.o(!!!scatter)
    !!dczerorl2                              0x000002c0   Section       90  __dczerorl2.o(!!dczerorl2)
    !!handler_zi                             0x0000031c   Section       28  __scatter_zi.o(!!handler_zi)
    .ARM.Collect$$libinit$$00000000          0x00000338   Section        2  libinit.o(.ARM.Collect$$libinit$$00000000)
    .ARM.Collect$$libinit$$00000002          0x0000033a   Section        0  libinit2.o(.ARM.Collect$$libinit$$00000002)
    .ARM.Collect$$libinit$$00000008          0x0000033a   Section        0  libinit2.o(.ARM.Collect$$libinit$$00000008)
    .ARM.Collect$$libinit$$0000000A          0x0000033a   Section        0  libinit2.o(.ARM.Collect$$libinit$$0000000A)
    .ARM.Collect$$libinit$$0000000B          0x0000033a   Section        4  libinit2.o(.ARM.Collect$$libinit$$0000000B)
    .ARM.Collect$$libinit$$0000000C          0x0000033e   Section        0  libinit2.o(.ARM.Collect$$libinit$$0000000C)
    .ARM.Collect$$libinit$$0000000F          0x0000033e   Section        0  libinit2.o(.ARM.Collect$$libinit$$0000000F)
    .ARM.Collect$$libinit$$00000011          0x0000033e   Section        0  libinit2.o(.ARM.Collect$$libinit$$00000011)
    .ARM.Collect$$libinit$$00000013          0x0000033e   Section        0  libinit2.o(.ARM.Collect$$libinit$$00000013)
    .ARM.Collect$$libinit$$00000015          0x0000033e   Section        0  libinit2.o(.ARM.Collect$$libinit$$00000015)
    .ARM.Collect$$libinit$$00000017          0x0000033e   Section        0  libinit2.o(.ARM.Collect$$libinit$$00000017)
    .ARM.Collect$$libinit$$00000019          0x0000033e   Section        0  libinit2.o(.ARM.Collect$$libinit$$00000019)
    .ARM.Collect$$libinit$$0000001B          0x0000033e   Section        0  libinit2.o(.ARM.Collect$$libinit$$0000001B)
    .ARM.Collect$$libinit$$0000001D          0x0000033e   Section        0  libinit2.o(.ARM.Collect$$libinit$$0000001D)
    .ARM.Collect$$libinit$$0000001F          0x0000033e   Section        0  libinit2.o(.ARM.Collect$$libinit$$0000001F)
    .ARM.Collect$$libinit$$00000021          0x0000033e   Section        0  libinit2.o(.ARM.Collect$$libinit$$00000021)
    .ARM.Collect$$libinit$$00000023          0x0000033e   Section        0  libinit2.o(.ARM.Collect$$libinit$$00000023)
    .ARM.Collect$$libinit$$0000002A          0x0000033e   Section        0  libinit2.o(.ARM.Collect$$libinit$$0000002A)
    .ARM.Collect$$libinit$$0000002C          0x0000033e   Section        0  libinit2.o(.ARM.Collect$$libinit$$0000002C)
    .ARM.Collect$$libinit$$0000002E          0x0000033e   Section        0  libinit2.o(.ARM.Collect$$libinit$$0000002E)
    .ARM.Collect$$libinit$$00000030          0x0000033e   Section        0  libinit2.o(.ARM.Collect$$libinit$$00000030)
    .ARM.Collect$$libinit$$00000031          0x0000033e   Section        2  libinit2.o(.ARM.Collect$$libinit$$00000031)
    .ARM.Collect$$libshutdown$$00000000      0x00000340   Section        2  libshutdown.o(.ARM.Collect$$libshutdown$$00000000)
    .ARM.Collect$$libshutdown$$00000003      0x00000342   Section        0  libshutdown2.o(.ARM.Collect$$libshutdown$$00000003)
    .ARM.Collect$$libshutdown$$00000006      0x00000342   Section        0  libshutdown2.o(.ARM.Collect$$libshutdown$$00000006)
    .ARM.Collect$$libshutdown$$00000009      0x00000342   Section        0  libshutdown2.o(.ARM.Collect$$libshutdown$$00000009)
    .ARM.Collect$$libshutdown$$0000000B      0x00000342   Section        0  libshutdown2.o(.ARM.Collect$$libshutdown$$0000000B)
    .ARM.Collect$$libshutdown$$0000000E      0x00000342   Section        0  libshutdown2.o(.ARM.Collect$$libshutdown$$0000000E)
    .ARM.Collect$$libshutdown$$0000000F      0x00000342   Section        2  libshutdown2.o(.ARM.Collect$$libshutdown$$0000000F)
    .ARM.Collect$$rtentry$$00000000          0x00000344   Section        0  rtentry.o(.ARM.Collect$$rtentry$$00000000)
    .ARM.Collect$$rtentry$$00000002          0x00000344   Section        0  rtentry2.o(.ARM.Collect$$rtentry$$00000002)
    .ARM.Collect$$rtentry$$00000004          0x00000344   Section        6  rtentry4.o(.ARM.Collect$$rtentry$$00000004)
    .ARM.Collect$$rtentry$$00000009          0x0000034a   Section        0  rtentry2.o(.ARM.Collect$$rtentry$$00000009)
    .ARM.Collect$$rtentry$$0000000A          0x0000034a   Section        4  rtentry2.o(.ARM.Collect$$rtentry$$0000000A)
    .ARM.Collect$$rtentry$$0000000C          0x0000034e   Section        0  rtentry2.o(.ARM.Collect$$rtentry$$0000000C)
    .ARM.Collect$$rtentry$$0000000D          0x0000034e   Section        8  rtentry2.o(.ARM.Collect$$rtentry$$0000000D)
    .ARM.Collect$$rtexit$$00000000           0x00000356   Section        2  rtexit.o(.ARM.Collect$$rtexit$$00000000)
    .ARM.Collect$$rtexit$$00000002           0x00000358   Section        0  rtexit2.o(.ARM.Collect$$rtexit$$00000002)
    .ARM.Collect$$rtexit$$00000003           0x00000358   Section        4  rtexit2.o(.ARM.Collect$$rtexit$$00000003)
    .ARM.Collect$$rtexit$$00000004           0x0000035c   Section        6  rtexit2.o(.ARM.Collect$$rtexit$$00000004)
    .emb_text                                0x00000364   Section       52  rand.o(.emb_text)
    .text                                    0x00000398   Section       48  startup.o(.text)
    .text                                    0x000003c8   Section       40  random.o(.text)
    .text                                    0x000003f0   Section        0  rand.o(.text)
    .text                                    0x0000042c   Section        0  heapauxi.o(.text)
    .text                                    0x00000432   Section       74  sys_stackheap_outer.o(.text)
    .text                                    0x0000047c   Section        0  exit.o(.text)
    .text                                    0x00000488   Section        8  libspace.o(.text)
    .text                                    0x00000490   Section        2  use_no_semi.o(.text)
    .text                                    0x00000492   Section        0  indicate_semi.o(.text)
    .text                                    0x00000494   Section        0  sys_exit.o(.text)
    i.ADC1_In                                0x000004a0   Section        0  texas.o(i.ADC1_In)
    i.ADCInit                                0x000004ac   Section        0  adc_driver.o(i.ADCInit)
    i.Delay100ms                             0x0000059c   Section        0  spaceinvaders.o(i.Delay100ms)
    i.Game_Over                              0x000005c0   Section        0  spaceinvaders.o(i.Game_Over)
    i.Get_Per                                0x000006dc   Section        0  spaceinvaders.o(i.Get_Per)
    i.Gpio_Init                              0x000006f4   Section        0  gpio.o(i.Gpio_Init)
    i.Init_Game                              0x00000934   Section        0  spaceinvaders.o(i.Init_Game)
    i.Init_Player                            0x00000984   Section        0  spaceinvaders.o(i.Init_Player)
    i.Init_enemy                             0x0000099c   Section        0  spaceinvaders.o(i.Init_enemy)
    i.Nokia5110_Clear                        0x000009ec   Section        0  virtualnokia5110.o(i.Nokia5110_Clear)
    i.Nokia5110_ClearBuffer                  0x00000a0c   Section        0  virtualnokia5110.o(i.Nokia5110_ClearBuffer)
    i.Nokia5110_DisplayBuffer                0x00000a24   Section        0  virtualnokia5110.o(i.Nokia5110_DisplayBuffer)
    i.Nokia5110_DrawFullImage                0x00000a34   Section        0  virtualnokia5110.o(i.Nokia5110_DrawFullImage)
    i.Nokia5110_Init                         0x00000a58   Section        0  virtualnokia5110.o(i.Nokia5110_Init)
    i.Nokia5110_OutChar                      0x00000bc4   Section        0  virtualnokia5110.o(i.Nokia5110_OutChar)
    i.Nokia5110_OutString                    0x00000bfc   Section        0  virtualnokia5110.o(i.Nokia5110_OutString)
    i.Nokia5110_OutUDec                      0x00000c14   Section        0  virtualnokia5110.o(i.Nokia5110_OutUDec)
    i.Nokia5110_PrintBMP                     0x00000db0   Section        0  virtualnokia5110.o(i.Nokia5110_PrintBMP)
    i.Nokia5110_SetCursor                    0x00000f58   Section        0  virtualnokia5110.o(i.Nokia5110_SetCursor)
    i.Permutation_Gen                        0x00000f88   Section        0  spaceinvaders.o(i.Permutation_Gen)
    i.Play                                   0x00000ffc   Section        0  spaceinvaders.o(i.Play)
    i.Print_Char                             0x0000101c   Section        0  virtualnokia5110.o(i.Print_Char)
    i.Print_Dec                              0x00001044   Section        0  virtualnokia5110.o(i.Print_Dec)
    i.Start                                  0x00001208   Section        0  spaceinvaders.o(i.Start)
    i.Timer0A_Handler                        0x00001344   Section        0  timer0.o(i.Timer0A_Handler)
    i.Timer0_Init                            0x00001360   Section        0  timer0.o(i.Timer0_Init)
    i.Timer4A_Handler                        0x0000140c   Section        0  texas.o(i.Timer4A_Handler)
    i.Timer5A_Handler                        0x0000142c   Section        0  texas.o(i.Timer5A_Handler)
    i.isalive                                0x0000145c   Section        0  spaceinvaders.o(i.isalive)
    i.lcdwrite                               0x00001548   Section        0  virtualnokia5110.o(i.lcdwrite)
    lcdwrite                                 0x00001549   Thumb Code    66  virtualnokia5110.o(i.lcdwrite)
    i.main                                   0x00001594   Section        0  spaceinvaders.o(i.main)
    i.move_enemy                             0x00001634   Section        0  spaceinvaders.o(i.move_enemy)
    i.move_racer                             0x00001664   Section        0  spaceinvaders.o(i.move_racer)
    i.speed_up                               0x0000167c   Section        0  spaceinvaders.o(i.speed_up)
    .constdata                               0x0000169c   Section     7591  spaceinvaders.o(.constdata)
    ASCII                                    0x0000169c   Data         480  spaceinvaders.o(.constdata)
    .constdata                               0x00003443   Section      480  virtualnokia5110.o(.constdata)
    ASCII                                    0x00003443   Data         480  virtualnokia5110.o(.constdata)
    .data                                    0x20000000   Section       36  spaceinvaders.o(.data)
    .data                                    0x20000024   Section       52  texas.o(.data)
    .data                                    0x20000058   Section        8  timer0.o(.data)
    .data                                    0x20000060   Section        4  adc_driver.o(.data)
    .data                                    0x20000064   Section      240  gpio.o(.data)
    .data                                    0x20000154   Section      240  gpio_cfg.o(.data)
    DATA                                     0x20000244   Section        4  random.o(DATA)
    M                                        0x20000244   Data           4  random.o(DATA)
    .bss                                     0x20000248   Section     2488  spaceinvaders.o(.bss)
    .bss                                     0x20000c00   Section      504  virtualnokia5110.o(.bss)
    .bss                                     0x20000df8   Section      228  rand.o(.bss)
    .bss                                     0x20000edc   Section       96  libspace.o(.bss)
    HEAP                                     0x20000f40   Section        0  startup.o(HEAP)
    STACK                                    0x20000f40   Section     1024  startup.o(STACK)
    HeapMem                                  0x20000f40   Data           0  startup.o(HEAP)
    StackMem                                 0x20000f40   Data           0  startup.o(STACK)

    Global Symbols

    Symbol Name                              Value     Ov Type        Size  Object(Section)

    BuildAttributes$$THM_ISAv4$E$P$D$K$B$S$7EM$PE$A:L22UL41UL21$X:L11$S22US41US21$IEEE1$IW$USESV6$~STKCKD$USESV7$~SHL$OSPACE$ROPI$EBA8$UX$STANDARDLIB$REQ8$PRES8$EABIv2 0x00000000   Number         0  anon$$obj.o ABSOLUTE
    __ARM_use_no_argv                        0x00000000   Number         0  spaceinvaders.o ABSOLUTE
    __Vectors                                0x00000000   Data           0  startup.o(RESET)
    __ARM_exceptions_init                     - Undefined Weak Reference
    __alloca_initialize                       - Undefined Weak Reference
    __cpp_initialize__aeabi_                  - Undefined Weak Reference
    __cxa_finalize                            - Undefined Weak Reference
    __rt_locale                               - Undefined Weak Reference
    __sigvec_lookup                           - Undefined Weak Reference
    _atexit_init                              - Undefined Weak Reference
    _call_atexit_fns                          - Undefined Weak Reference
    _clock_init                               - Undefined Weak Reference
    _fp_trap_init                             - Undefined Weak Reference
    _fp_trap_shutdown                         - Undefined Weak Reference
    _get_lc_collate                           - Undefined Weak Reference
    _get_lc_ctype                             - Undefined Weak Reference
    _get_lc_monetary                          - Undefined Weak Reference
    _get_lc_numeric                           - Undefined Weak Reference
    _get_lc_time                              - Undefined Weak Reference
    _getenv_init                              - Undefined Weak Reference
    _handle_redirection                       - Undefined Weak Reference
    _init_alloc                               - Undefined Weak Reference
    _init_user_alloc                          - Undefined Weak Reference
    _initio                                   - Undefined Weak Reference
    _signal_finish                            - Undefined Weak Reference
    _signal_init                              - Undefined Weak Reference
    _terminate_alloc                          - Undefined Weak Reference
    _terminate_user_alloc                     - Undefined Weak Reference
    _terminateio                              - Undefined Weak Reference
    Reset_Handler                            0x0000026d   Thumb Code     0  startup.o(RESET)
    NMI_Handler                              0x00000271   Thumb Code     2  startup.o(RESET)
    HardFault_Handler                        0x00000273   Thumb Code     2  startup.o(RESET)
    MemManage_Handler                        0x00000275   Thumb Code     2  startup.o(RESET)
    BusFault_Handler                         0x00000277   Thumb Code     2  startup.o(RESET)
    UsageFault_Handler                       0x00000279   Thumb Code     2  startup.o(RESET)
    SVC_Handler                              0x0000027b   Thumb Code     2  startup.o(RESET)
    DebugMon_Handler                         0x0000027d   Thumb Code     2  startup.o(RESET)
    PendSV_Handler                           0x0000027f   Thumb Code     2  startup.o(RESET)
    SysTick_Handler                          0x00000281   Thumb Code     2  startup.o(RESET)
    ADC0Seq0_Handler                         0x00000283   Thumb Code     0  startup.o(RESET)
    ADC0Seq1_Handler                         0x00000283   Thumb Code     0  startup.o(RESET)
    ADC0Seq2_Handler                         0x00000283   Thumb Code     0  startup.o(RESET)
    ADC0Seq3_Handler                         0x00000283   Thumb Code     0  startup.o(RESET)
    ADC1Seq0_Handler                         0x00000283   Thumb Code     0  startup.o(RESET)
    ADC1Seq1_Handler                         0x00000283   Thumb Code     0  startup.o(RESET)
    ADC1Seq2_Handler                         0x00000283   Thumb Code     0  startup.o(RESET)
    ADC1Seq3_Handler                         0x00000283   Thumb Code     0  startup.o(RESET)
    CAN0_Handler                             0x00000283   Thumb Code     0  startup.o(RESET)
    CAN1_Handler                             0x00000283   Thumb Code     0  startup.o(RESET)
    CAN2_Handler                             0x00000283   Thumb Code     0  startup.o(RESET)
    Comp0_Handler                            0x00000283   Thumb Code     0  startup.o(RESET)
    Comp1_Handler                            0x00000283   Thumb Code     0  startup.o(RESET)
    Comp2_Handler                            0x00000283   Thumb Code     0  startup.o(RESET)
    Ethernet_Handler                         0x00000283   Thumb Code     0  startup.o(RESET)
    ExtBus_Handler                           0x00000283   Thumb Code     0  startup.o(RESET)
    FPU_Handler                              0x00000283   Thumb Code     0  startup.o(RESET)
    Fan0_Handler                             0x00000283   Thumb Code     0  startup.o(RESET)
    FlashCtl_Handler                         0x00000283   Thumb Code     0  startup.o(RESET)
    GPIOPortA_Handler                        0x00000283   Thumb Code     0  startup.o(RESET)
    GPIOPortB_Handler                        0x00000283   Thumb Code     0  startup.o(RESET)
    GPIOPortC_Handler                        0x00000283   Thumb Code     0  startup.o(RESET)
    GPIOPortD_Handler                        0x00000283   Thumb Code     0  startup.o(RESET)
    GPIOPortE_Handler                        0x00000283   Thumb Code     0  startup.o(RESET)
    GPIOPortF_Handler                        0x00000283   Thumb Code     0  startup.o(RESET)
    GPIOPortG_Handler                        0x00000283   Thumb Code     0  startup.o(RESET)
    GPIOPortH_Handler                        0x00000283   Thumb Code     0  startup.o(RESET)
    GPIOPortJ_Handler                        0x00000283   Thumb Code     0  startup.o(RESET)
    GPIOPortK_Handler                        0x00000283   Thumb Code     0  startup.o(RESET)
    GPIOPortL_Handler                        0x00000283   Thumb Code     0  startup.o(RESET)
    GPIOPortM_Handler                        0x00000283   Thumb Code     0  startup.o(RESET)
    GPIOPortN_Handler                        0x00000283   Thumb Code     0  startup.o(RESET)
    GPIOPortP1_Handler                       0x00000283   Thumb Code     0  startup.o(RESET)
    GPIOPortP2_Handler                       0x00000283   Thumb Code     0  startup.o(RESET)
    GPIOPortP3_Handler                       0x00000283   Thumb Code     0  startup.o(RESET)
    GPIOPortP4_Handler                       0x00000283   Thumb Code     0  startup.o(RESET)
    GPIOPortP5_Handler                       0x00000283   Thumb Code     0  startup.o(RESET)
    GPIOPortP6_Handler                       0x00000283   Thumb Code     0  startup.o(RESET)
    GPIOPortP7_Handler                       0x00000283   Thumb Code     0  startup.o(RESET)
    GPIOPortP_Handler                        0x00000283   Thumb Code     0  startup.o(RESET)
    GPIOPortQ1_Handler                       0x00000283   Thumb Code     0  startup.o(RESET)
    GPIOPortQ2_Handler                       0x00000283   Thumb Code     0  startup.o(RESET)
    GPIOPortQ3_Handler                       0x00000283   Thumb Code     0  startup.o(RESET)
    GPIOPortQ4_Handler                       0x00000283   Thumb Code     0  startup.o(RESET)
    GPIOPortQ5_Handler                       0x00000283   Thumb Code     0  startup.o(RESET)
    GPIOPortQ6_Handler                       0x00000283   Thumb Code     0  startup.o(RESET)
    GPIOPortQ7_Handler                       0x00000283   Thumb Code     0  startup.o(RESET)
    GPIOPortQ_Handler                        0x00000283   Thumb Code     0  startup.o(RESET)
    GPIOPortR_Handler                        0x00000283   Thumb Code     0  startup.o(RESET)
    GPIOPortS_Handler                        0x00000283   Thumb Code     0  startup.o(RESET)
    Hibernate_Handler                        0x00000283   Thumb Code     0  startup.o(RESET)
    I2C0_Handler                             0x00000283   Thumb Code     0  startup.o(RESET)
    I2C1_Handler                             0x00000283   Thumb Code     0  startup.o(RESET)
    I2C2_Handler                             0x00000283   Thumb Code     0  startup.o(RESET)
    I2C3_Handler                             0x00000283   Thumb Code     0  startup.o(RESET)
    I2C4_Handler                             0x00000283   Thumb Code     0  startup.o(RESET)
    I2C5_Handler                             0x00000283   Thumb Code     0  startup.o(RESET)
    I2S0_Handler                             0x00000283   Thumb Code     0  startup.o(RESET)
    LPC0_Handler                             0x00000283   Thumb Code     0  startup.o(RESET)
    PECI0_Handler                            0x00000283   Thumb Code     0  startup.o(RESET)
    PWM0Fault_Handler                        0x00000283   Thumb Code     0  startup.o(RESET)
    PWM0Generator0_Handler                   0x00000283   Thumb Code     0  startup.o(RESET)
    PWM0Generator1_Handler                   0x00000283   Thumb Code     0  startup.o(RESET)
    PWM0Generator2_Handler                   0x00000283   Thumb Code     0  startup.o(RESET)
    PWM0Generator3_Handler                   0x00000283   Thumb Code     0  startup.o(RESET)
    PWM1Fault_Handler                        0x00000283   Thumb Code     0  startup.o(RESET)
    PWM1Generator0_Handler                   0x00000283   Thumb Code     0  startup.o(RESET)
    PWM1Generator1_Handler                   0x00000283   Thumb Code     0  startup.o(RESET)
    PWM1Generator2_Handler                   0x00000283   Thumb Code     0  startup.o(RESET)
    PWM1Generator3_Handler                   0x00000283   Thumb Code     0  startup.o(RESET)
    Quadrature0_Handler                      0x00000283   Thumb Code     0  startup.o(RESET)
    Quadrature1_Handler                      0x00000283   Thumb Code     0  startup.o(RESET)
    Quadrature2_Handler                      0x00000283   Thumb Code     0  startup.o(RESET)
    SSI0_Handler                             0x00000283   Thumb Code     0  startup.o(RESET)
    SSI1_Handler                             0x00000283   Thumb Code     0  startup.o(RESET)
    SSI2_Handler                             0x00000283   Thumb Code     0  startup.o(RESET)
    SSI3_Handler                             0x00000283   Thumb Code     0  startup.o(RESET)
    SysCtl_Handler                           0x00000283   Thumb Code     0  startup.o(RESET)
    Timer0B_Handler                          0x00000283   Thumb Code     0  startup.o(RESET)
    Timer1A_Handler                          0x00000283   Thumb Code     0  startup.o(RESET)
    Timer1B_Handler                          0x00000283   Thumb Code     0  startup.o(RESET)
    Timer2A_Handler                          0x00000283   Thumb Code     0  startup.o(RESET)
    Timer2B_Handler                          0x00000283   Thumb Code     0  startup.o(RESET)
    Timer3A_Handler                          0x00000283   Thumb Code     0  startup.o(RESET)
    Timer3B_Handler                          0x00000283   Thumb Code     0  startup.o(RESET)
    Timer4B_Handler                          0x00000283   Thumb Code     0  startup.o(RESET)
    Timer5B_Handler                          0x00000283   Thumb Code     0  startup.o(RESET)
    UART0_Handler                            0x00000283   Thumb Code     0  startup.o(RESET)
    UART1_Handler                            0x00000283   Thumb Code     0  startup.o(RESET)
    UART2_Handler                            0x00000283   Thumb Code     0  startup.o(RESET)
    UART3_Handler                            0x00000283   Thumb Code     0  startup.o(RESET)
    UART4_Handler                            0x00000283   Thumb Code     0  startup.o(RESET)
    UART5_Handler                            0x00000283   Thumb Code     0  startup.o(RESET)
    UART6_Handler                            0x00000283   Thumb Code     0  startup.o(RESET)
    UART7_Handler                            0x00000283   Thumb Code     0  startup.o(RESET)
    USB0_Handler                             0x00000283   Thumb Code     0  startup.o(RESET)
    WDT_Handler                              0x00000283   Thumb Code     0  startup.o(RESET)
    WideTimer0A_Handler                      0x00000283   Thumb Code     0  startup.o(RESET)
    WideTimer0B_Handler                      0x00000283   Thumb Code     0  startup.o(RESET)
    WideTimer1A_Handler                      0x00000283   Thumb Code     0  startup.o(RESET)
    WideTimer1B_Handler                      0x00000283   Thumb Code     0  startup.o(RESET)
    WideTimer2A_Handler                      0x00000283   Thumb Code     0  startup.o(RESET)
    WideTimer2B_Handler                      0x00000283   Thumb Code     0  startup.o(RESET)
    WideTimer3A_Handler                      0x00000283   Thumb Code     0  startup.o(RESET)
    WideTimer3B_Handler                      0x00000283   Thumb Code     0  startup.o(RESET)
    WideTimer4A_Handler                      0x00000283   Thumb Code     0  startup.o(RESET)
    WideTimer4B_Handler                      0x00000283   Thumb Code     0  startup.o(RESET)
    WideTimer5A_Handler                      0x00000283   Thumb Code     0  startup.o(RESET)
    WideTimer5B_Handler                      0x00000283   Thumb Code     0  startup.o(RESET)
    uDMA_Error                               0x00000283   Thumb Code     0  startup.o(RESET)
    uDMA_Handler                             0x00000283   Thumb Code     0  startup.o(RESET)
    __main                                   0x00000285   Thumb Code     8  __main.o(!!!main)
    __scatterload                            0x0000028d   Thumb Code     0  __scatter.o(!!!scatter)
    __scatterload_rt2                        0x0000028d   Thumb Code    44  __scatter.o(!!!scatter)
    __scatterload_rt2_thumb_only             0x0000028d   Thumb Code     0  __scatter.o(!!!scatter)
    __scatterload_null                       0x0000029b   Thumb Code     0  __scatter.o(!!!scatter)
    __decompress                             0x000002c1   Thumb Code    90  __dczerorl2.o(!!dczerorl2)
    __decompress1                            0x000002c1   Thumb Code     0  __dczerorl2.o(!!dczerorl2)
    __scatterload_zeroinit                   0x0000031d   Thumb Code    28  __scatter_zi.o(!!handler_zi)
    __rt_lib_init                            0x00000339   Thumb Code     0  libinit.o(.ARM.Collect$$libinit$$00000000)
    __rt_lib_init_fp_1                       0x0000033b   Thumb Code     0  libinit2.o(.ARM.Collect$$libinit$$00000002)
    __rt_lib_init_heap_1                     0x0000033b   Thumb Code     0  libinit2.o(.ARM.Collect$$libinit$$00000008)
    __rt_lib_init_rand_2                     0x0000033b   Thumb Code     0  libinit2.o(.ARM.Collect$$libinit$$0000000B)
    __rt_lib_init_user_alloc_1               0x0000033b   Thumb Code     0  libinit2.o(.ARM.Collect$$libinit$$0000000A)
    __rt_lib_init_alloca_1                   0x0000033f   Thumb Code     0  libinit2.o(.ARM.Collect$$libinit$$0000002C)
    __rt_lib_init_argv_1                     0x0000033f   Thumb Code     0  libinit2.o(.ARM.Collect$$libinit$$0000002A)
    __rt_lib_init_atexit_1                   0x0000033f   Thumb Code     0  libinit2.o(.ARM.Collect$$libinit$$00000019)
    __rt_lib_init_clock_1                    0x0000033f   Thumb Code     0  libinit2.o(.ARM.Collect$$libinit$$0000001F)
    __rt_lib_init_cpp_1                      0x0000033f   Thumb Code     0  libinit2.o(.ARM.Collect$$libinit$$00000030)
    __rt_lib_init_exceptions_1               0x0000033f   Thumb Code     0  libinit2.o(.ARM.Collect$$libinit$$0000002E)
    __rt_lib_init_fp_trap_1                  0x0000033f   Thumb Code     0  libinit2.o(.ARM.Collect$$libinit$$0000001D)
    __rt_lib_init_getenv_1                   0x0000033f   Thumb Code     0  libinit2.o(.ARM.Collect$$libinit$$00000021)
    __rt_lib_init_lc_collate_1               0x0000033f   Thumb Code     0  libinit2.o(.ARM.Collect$$libinit$$0000000F)
    __rt_lib_init_lc_ctype_1                 0x0000033f   Thumb Code     0  libinit2.o(.ARM.Collect$$libinit$$00000011)
    __rt_lib_init_lc_monetary_1              0x0000033f   Thumb Code     0  libinit2.o(.ARM.Collect$$libinit$$00000013)
    __rt_lib_init_lc_numeric_1               0x0000033f   Thumb Code     0  libinit2.o(.ARM.Collect$$libinit$$00000015)
    __rt_lib_init_lc_time_1                  0x0000033f   Thumb Code     0  libinit2.o(.ARM.Collect$$libinit$$00000017)
    __rt_lib_init_rand_1                     0x0000033f   Thumb Code     0  libinit2.o(.ARM.Collect$$libinit$$0000000C)
    __rt_lib_init_return                     0x0000033f   Thumb Code     0  libinit2.o(.ARM.Collect$$libinit$$00000031)
    __rt_lib_init_signal_1                   0x0000033f   Thumb Code     0  libinit2.o(.ARM.Collect$$libinit$$0000001B)
    __rt_lib_init_stdio_1                    0x0000033f   Thumb Code     0  libinit2.o(.ARM.Collect$$libinit$$00000023)
    __rt_lib_shutdown                        0x00000341   Thumb Code     0  libshutdown.o(.ARM.Collect$$libshutdown$$00000000)
    __rt_lib_shutdown_fp_trap_1              0x00000343   Thumb Code     0  libshutdown2.o(.ARM.Collect$$libshutdown$$00000006)
    __rt_lib_shutdown_heap_1                 0x00000343   Thumb Code     0  libshutdown2.o(.ARM.Collect$$libshutdown$$0000000E)
    __rt_lib_shutdown_return                 0x00000343   Thumb Code     0  libshutdown2.o(.ARM.Collect$$libshutdown$$0000000F)
    __rt_lib_shutdown_signal_1               0x00000343   Thumb Code     0  libshutdown2.o(.ARM.Collect$$libshutdown$$00000009)
    __rt_lib_shutdown_stdio_1                0x00000343   Thumb Code     0  libshutdown2.o(.ARM.Collect$$libshutdown$$00000003)
    __rt_lib_shutdown_user_alloc_1           0x00000343   Thumb Code     0  libshutdown2.o(.ARM.Collect$$libshutdown$$0000000B)
    __rt_entry                               0x00000345   Thumb Code     0  rtentry.o(.ARM.Collect$$rtentry$$00000000)
    __rt_entry_presh_1                       0x00000345   Thumb Code     0  rtentry2.o(.ARM.Collect$$rtentry$$00000002)
    __rt_entry_sh                            0x00000345   Thumb Code     0  rtentry4.o(.ARM.Collect$$rtentry$$00000004)
    __rt_entry_li                            0x0000034b   Thumb Code     0  rtentry2.o(.ARM.Collect$$rtentry$$0000000A)
    __rt_entry_postsh_1                      0x0000034b   Thumb Code     0  rtentry2.o(.ARM.Collect$$rtentry$$00000009)
    __rt_entry_main                          0x0000034f   Thumb Code     0  rtentry2.o(.ARM.Collect$$rtentry$$0000000D)
    __rt_entry_postli_1                      0x0000034f   Thumb Code     0  rtentry2.o(.ARM.Collect$$rtentry$$0000000C)
    __rt_exit                                0x00000357   Thumb Code     0  rtexit.o(.ARM.Collect$$rtexit$$00000000)
    __rt_exit_ls                             0x00000359   Thumb Code     0  rtexit2.o(.ARM.Collect$$rtexit$$00000003)
    __rt_exit_prels_1                        0x00000359   Thumb Code     0  rtexit2.o(.ARM.Collect$$rtexit$$00000002)
    __rt_exit_exit                           0x0000035d   Thumb Code     0  rtexit2.o(.ARM.Collect$$rtexit$$00000004)
    rand                                     0x00000365   Thumb Code    48  rand.o(.emb_text)
    DisableInterrupts                        0x00000399   Thumb Code     0  startup.o(.text)
    EnableInterrupts                         0x0000039d   Thumb Code     0  startup.o(.text)
    StartCritical                            0x000003a1   Thumb Code     0  startup.o(.text)
    EndCritical                              0x000003a9   Thumb Code     0  startup.o(.text)
    WaitForInterrupt                         0x000003af   Thumb Code     0  startup.o(.text)
    __user_initial_stackheap                 0x000003b3   Thumb Code     0  startup.o(.text)
    Random_Init                              0x000003c9   Thumb Code     0  random.o(.text)
    Random                                   0x000003d3   Thumb Code     2  random.o(.text)
    srand                                    0x000003f1   Thumb Code    42  rand.o(.text)
    _rand_init                               0x0000041b   Thumb Code     4  rand.o(.text)
    __use_two_region_memory                  0x0000042d   Thumb Code     2  heapauxi.o(.text)
    __rt_heap_escrow$2region                 0x0000042f   Thumb Code     2  heapauxi.o(.text)
    __rt_heap_expand$2region                 0x00000431   Thumb Code     2  heapauxi.o(.text)
    __user_setup_stackheap                   0x00000433   Thumb Code    74  sys_stackheap_outer.o(.text)
    exit                                     0x0000047d   Thumb Code    12  exit.o(.text)
    __user_libspace                          0x00000489   Thumb Code     8  libspace.o(.text)
    __user_perproc_libspace                  0x00000489   Thumb Code     0  libspace.o(.text)
    __user_perthread_libspace                0x00000489   Thumb Code     0  libspace.o(.text)
    __I$use$semihosting                      0x00000491   Thumb Code     0  use_no_semi.o(.text)
    __use_no_semihosting_swi                 0x00000491   Thumb Code     2  use_no_semi.o(.text)
    __semihosting_library_function           0x00000493   Thumb Code     0  indicate_semi.o(.text)
    _sys_exit                                0x00000495   Thumb Code     8  sys_exit.o(.text)
    ADC1_In                                  0x000004a1   Thumb Code     6  texas.o(i.ADC1_In)
    ADCInit                                  0x000004ad   Thumb Code   220  adc_driver.o(i.ADCInit)
    Delay100ms                               0x0000059d   Thumb Code    32  spaceinvaders.o(i.Delay100ms)
    Game_Over                                0x000005c1   Thumb Code   202  spaceinvaders.o(i.Game_Over)
    Get_Per                                  0x000006dd   Thumb Code    24  spaceinvaders.o(i.Get_Per)
    Gpio_Init                                0x000006f5   Thumb Code   558  gpio.o(i.Gpio_Init)
    Init_Game                                0x00000935   Thumb Code    54  spaceinvaders.o(i.Init_Game)
    Init_Player                              0x00000985   Thumb Code    16  spaceinvaders.o(i.Init_Player)
    Init_enemy                               0x0000099d   Thumb Code    68  spaceinvaders.o(i.Init_enemy)
    Nokia5110_Clear                          0x000009ed   Thumb Code    32  virtualnokia5110.o(i.Nokia5110_Clear)
    Nokia5110_ClearBuffer                    0x00000a0d   Thumb Code    20  virtualnokia5110.o(i.Nokia5110_ClearBuffer)
    Nokia5110_DisplayBuffer                  0x00000a25   Thumb Code    10  virtualnokia5110.o(i.Nokia5110_DisplayBuffer)
    Nokia5110_DrawFullImage                  0x00000a35   Thumb Code    34  virtualnokia5110.o(i.Nokia5110_DrawFullImage)
    Nokia5110_Init                           0x00000a59   Thumb Code   316  virtualnokia5110.o(i.Nokia5110_Init)
    Nokia5110_OutChar                        0x00000bc5   Thumb Code    52  virtualnokia5110.o(i.Nokia5110_OutChar)
    Nokia5110_OutString                      0x00000bfd   Thumb Code    22  virtualnokia5110.o(i.Nokia5110_OutString)
    Nokia5110_OutUDec                        0x00000c15   Thumb Code   394  virtualnokia5110.o(i.Nokia5110_OutUDec)
    Nokia5110_PrintBMP                       0x00000db1   Thumb Code   420  virtualnokia5110.o(i.Nokia5110_PrintBMP)
    Nokia5110_SetCursor                      0x00000f59   Thumb Code    48  virtualnokia5110.o(i.Nokia5110_SetCursor)
    Permutation_Gen                          0x00000f89   Thumb Code   102  spaceinvaders.o(i.Permutation_Gen)
    Play                                     0x00000ffd   Thumb Code    28  spaceinvaders.o(i.Play)
    Print_Char                               0x0000101d   Thumb Code    36  virtualnokia5110.o(i.Print_Char)
    Print_Dec                                0x00001045   Thumb Code   450  virtualnokia5110.o(i.Print_Dec)
    Start                                    0x00001209   Thumb Code   268  spaceinvaders.o(i.Start)
    Timer0A_Handler                          0x00001345   Thumb Code    18  timer0.o(i.Timer0A_Handler)
    Timer0_Init                              0x00001361   Thumb Code   150  timer0.o(i.Timer0_Init)
    Timer4A_Handler                          0x0000140d   Thumb Code    20  texas.o(i.Timer4A_Handler)
    Timer5A_Handler                          0x0000142d   Thumb Code    34  texas.o(i.Timer5A_Handler)
    isalive                                  0x0000145d   Thumb Code   206  spaceinvaders.o(i.isalive)
    main                                     0x00001595   Thumb Code   132  spaceinvaders.o(i.main)
    move_enemy                               0x00001635   Thumb Code    42  spaceinvaders.o(i.move_enemy)
    move_racer                               0x00001665   Thumb Code    16  spaceinvaders.o(i.move_racer)
    speed_up                                 0x0000167d   Thumb Code    22  spaceinvaders.o(i.speed_up)
    BigExplosion0                            0x0000187c   Data         215  spaceinvaders.o(.constdata)
    PLAYER                                   0x00001953   Data         231  spaceinvaders.o(.constdata)
    ENEMY                                    0x00001a3a   Data         231  spaceinvaders.o(.constdata)
    vl                                       0x00001b21   Data         311  spaceinvaders.o(.constdata)
    health                                   0x00001c58   Data         199  spaceinvaders.o(.constdata)
    boundary                                 0x00001d1f   Data        2143  spaceinvaders.o(.constdata)
    supercar                                 0x0000257e   Data         247  spaceinvaders.o(.constdata)
    back                                     0x00002675   Data        1435  spaceinvaders.o(.constdata)
    st                                       0x00002c10   Data        2099  spaceinvaders.o(.constdata)
    Region$$Table$$Base                      0x00003624   Number         0  anon$$obj.o(Region$$Table)
    Region$$Table$$Limit                     0x00003644   Number         0  anon$$obj.o(Region$$Table)
    adcData                                  0x20000000   Data           4  spaceinvaders.o(.data)
    n                                        0x20000004   Data           4  spaceinvaders.o(.data)
    score                                    0x20000008   Data           4  spaceinvaders.o(.data)
    mxscore                                  0x2000000c   Data           4  spaceinvaders.o(.data)
    ch                                       0x20000010   Data           4  spaceinvaders.o(.data)
    TimerCount                               0x20000014   Data           4  spaceinvaders.o(.data)
    Semaphore                                0x20000018   Data           4  spaceinvaders.o(.data)
    t                                        0x2000001c   Data           4  spaceinvaders.o(.data)
    delay                                    0x20000020   Data           4  spaceinvaders.o(.data)
    TExaS_Period                             0x20000024   Data           4  texas.o(.data)
    TExaS_Ports                              0x20000028   Data           8  texas.o(.data)
    Display                                  0x20000030   Data           1  texas.o(.data)
    TExaS_Meter                              0x20000034   Data           4  texas.o(.data)
    ADCnum                                   0x20000038   Data           4  texas.o(.data)
    LastMode                                 0x2000003c   Data           4  texas.o(.data)
    bFlag                                    0x20000040   Data           4  texas.o(.data)
    Count                                    0x20000044   Data           4  texas.o(.data)
    DelayBetweenTests                        0x20000048   Data           4  texas.o(.data)
    TExaS_Test                               0x2000004c   Data           4  texas.o(.data)
    ScopeMode                                0x20000050   Data           4  texas.o(.data)
    ScopeCount                               0x20000054   Data           4  texas.o(.data)
    TIMER0_cfg                               0x20000058   Data           4  timer0.o(.data)
    PeriodicTask                             0x2000005c   Data           4  timer0.o(.data)
    ADC0_CFGS                                0x20000060   Data           4  adc_driver.o(.data)
    GPIO_PORTS_REGS                          0x20000064   Data          24  gpio.o(.data)
    pt                                       0x2000007c   Data          24  gpio.o(.data)
    pn                                       0x20000094   Data         192  gpio.o(.data)
    portsCfgs                                0x20000154   Data         240  gpio_cfg.o(.data)
    per                                      0x20000248   Data        2400  spaceinvaders.o(.bss)
    vis                                      0x20000ba8   Data          20  spaceinvaders.o(.bss)
    arr                                      0x20000bbc   Data          24  spaceinvaders.o(.bss)
    en                                       0x20000bd4   Data          32  spaceinvaders.o(.bss)
    racer                                    0x20000bf4   Data          12  spaceinvaders.o(.bss)
    Screen                                   0x20000c00   Data         504  virtualnokia5110.o(.bss)
    _random_number_data                      0x20000df8   Data         228  rand.o(.bss)
    __libspace_start                         0x20000edc   Data          96  libspace.o(.bss)
    __temporary_stack_top$libspace           0x20000f3c   Data           0  libspace.o(.bss)



==============================================================================

Memory Map of the image

  Image Entry point : 0x0000026d

  Load Region LR_1 (Base: 0x00000000, Size: 0x0000388c, Max: 0xffffffff, ABSOLUTE, COMPRESSED[0x00003694])

    Execution Region ER_RO (Base: 0x00000000, Size: 0x00003644, Max: 0xffffffff, ABSOLUTE)

    Base Addr    Size         Type   Attr      Idx    E Section Name        Object

    0x00000000   0x00000284   Code   RO            3  * RESET               startup.o
    0x00000284   0x00000008   Code   RO          546  * !!!main             c_w.l(__main.o)
    0x0000028c   0x00000034   Code   RO          702    !!!scatter          c_w.l(__scatter.o)
    0x000002c0   0x0000005a   Code   RO          700    !!dczerorl2         c_w.l(__dczerorl2.o)
    0x0000031a   0x00000002   PAD
    0x0000031c   0x0000001c   Code   RO          704    !!handler_zi        c_w.l(__scatter_zi.o)
    0x00000338   0x00000002   Code   RO          624    .ARM.Collect$$libinit$$00000000  c_w.l(libinit.o)
    0x0000033a   0x00000000   Code   RO          550    .ARM.Collect$$libinit$$00000002  c_w.l(libinit2.o)
    0x0000033a   0x00000000   Code   RO          553    .ARM.Collect$$libinit$$00000008  c_w.l(libinit2.o)
    0x0000033a   0x00000000   Code   RO          555    .ARM.Collect$$libinit$$0000000A  c_w.l(libinit2.o)
    0x0000033a   0x00000004   Code   RO          556    .ARM.Collect$$libinit$$0000000B  c_w.l(libinit2.o)
    0x0000033e   0x00000000   Code   RO          557    .ARM.Collect$$libinit$$0000000C  c_w.l(libinit2.o)
    0x0000033e   0x00000000   Code   RO          560    .ARM.Collect$$libinit$$0000000F  c_w.l(libinit2.o)
    0x0000033e   0x00000000   Code   RO          562    .ARM.Collect$$libinit$$00000011  c_w.l(libinit2.o)
    0x0000033e   0x00000000   Code   RO          564    .ARM.Collect$$libinit$$00000013  c_w.l(libinit2.o)
    0x0000033e   0x00000000   Code   RO          566    .ARM.Collect$$libinit$$00000015  c_w.l(libinit2.o)
    0x0000033e   0x00000000   Code   RO          568    .ARM.Collect$$libinit$$00000017  c_w.l(libinit2.o)
    0x0000033e   0x00000000   Code   RO          570    .ARM.Collect$$libinit$$00000019  c_w.l(libinit2.o)
    0x0000033e   0x00000000   Code   RO          572    .ARM.Collect$$libinit$$0000001B  c_w.l(libinit2.o)
    0x0000033e   0x00000000   Code   RO          574    .ARM.Collect$$libinit$$0000001D  c_w.l(libinit2.o)
    0x0000033e   0x00000000   Code   RO          576    .ARM.Collect$$libinit$$0000001F  c_w.l(libinit2.o)
    0x0000033e   0x00000000   Code   RO          578    .ARM.Collect$$libinit$$00000021  c_w.l(libinit2.o)
    0x0000033e   0x00000000   Code   RO          580    .ARM.Collect$$libinit$$00000023  c_w.l(libinit2.o)
    0x0000033e   0x00000000   Code   RO          584    .ARM.Collect$$libinit$$0000002A  c_w.l(libinit2.o)
    0x0000033e   0x00000000   Code   RO          586    .ARM.Collect$$libinit$$0000002C  c_w.l(libinit2.o)
    0x0000033e   0x00000000   Code   RO          588    .ARM.Collect$$libinit$$0000002E  c_w.l(libinit2.o)
    0x0000033e   0x00000000   Code   RO          590    .ARM.Collect$$libinit$$00000030  c_w.l(libinit2.o)
    0x0000033e   0x00000002   Code   RO          591    .ARM.Collect$$libinit$$00000031  c_w.l(libinit2.o)
    0x00000340   0x00000002   Code   RO          662    .ARM.Collect$$libshutdown$$00000000  c_w.l(libshutdown.o)
    0x00000342   0x00000000   Code   RO          669    .ARM.Collect$$libshutdown$$00000003  c_w.l(libshutdown2.o)
    0x00000342   0x00000000   Code   RO          672    .ARM.Collect$$libshutdown$$00000006  c_w.l(libshutdown2.o)
    0x00000342   0x00000000   Code   RO          675    .ARM.Collect$$libshutdown$$00000009  c_w.l(libshutdown2.o)
    0x00000342   0x00000000   Code   RO          677    .ARM.Collect$$libshutdown$$0000000B  c_w.l(libshutdown2.o)
    0x00000342   0x00000000   Code   RO          680    .ARM.Collect$$libshutdown$$0000000E  c_w.l(libshutdown2.o)
    0x00000342   0x00000002   Code   RO          681    .ARM.Collect$$libshutdown$$0000000F  c_w.l(libshutdown2.o)
    0x00000344   0x00000000   Code   RO          548    .ARM.Collect$$rtentry$$00000000  c_w.l(rtentry.o)
    0x00000344   0x00000000   Code   RO          593    .ARM.Collect$$rtentry$$00000002  c_w.l(rtentry2.o)
    0x00000344   0x00000006   Code   RO          605    .ARM.Collect$$rtentry$$00000004  c_w.l(rtentry4.o)
    0x0000034a   0x00000000   Code   RO          595    .ARM.Collect$$rtentry$$00000009  c_w.l(rtentry2.o)
    0x0000034a   0x00000004   Code   RO          596    .ARM.Collect$$rtentry$$0000000A  c_w.l(rtentry2.o)
    0x0000034e   0x00000000   Code   RO          598    .ARM.Collect$$rtentry$$0000000C  c_w.l(rtentry2.o)
    0x0000034e   0x00000008   Code   RO          599    .ARM.Collect$$rtentry$$0000000D  c_w.l(rtentry2.o)
    0x00000356   0x00000002   Code   RO          630    .ARM.Collect$$rtexit$$00000000  c_w.l(rtexit.o)
    0x00000358   0x00000000   Code   RO          642    .ARM.Collect$$rtexit$$00000002  c_w.l(rtexit2.o)
    0x00000358   0x00000004   Code   RO          643    .ARM.Collect$$rtexit$$00000003  c_w.l(rtexit2.o)
    0x0000035c   0x00000006   Code   RO          644    .ARM.Collect$$rtexit$$00000004  c_w.l(rtexit2.o)
    0x00000362   0x00000002   PAD
    0x00000364   0x00000034   Code   RO          539    .emb_text           c_w.l(rand.o)
    0x00000398   0x00000030   Code   RO            4    .text               startup.o
    0x000003c8   0x00000028   Code   RO           13    .text               random.o
    0x000003f0   0x0000003c   Code   RO          540    .text               c_w.l(rand.o)
    0x0000042c   0x00000006   Code   RO          544    .text               c_w.l(heapauxi.o)
    0x00000432   0x0000004a   Code   RO          611    .text               c_w.l(sys_stackheap_outer.o)
    0x0000047c   0x0000000c   Code   RO          613    .text               c_w.l(exit.o)
    0x00000488   0x00000008   Code   RO          627    .text               c_w.l(libspace.o)
    0x00000490   0x00000002   Code   RO          638    .text               c_w.l(use_no_semi.o)
    0x00000492   0x00000000   Code   RO          640    .text               c_w.l(indicate_semi.o)
    0x00000492   0x00000002   PAD
    0x00000494   0x0000000c   Code   RO          654    .text               c_w.l(sys_exit.o)
    0x000004a0   0x0000000c   Code   RO          164    i.ADC1_In           texas.o
    0x000004ac   0x000000f0   Code   RO          422    i.ADCInit           adc_driver.o
    0x0000059c   0x00000024   Code   RO           18    i.Delay100ms        spaceinvaders.o
    0x000005c0   0x0000011c   Code   RO           19    i.Game_Over         spaceinvaders.o
    0x000006dc   0x00000018   Code   RO           20    i.Get_Per           spaceinvaders.o
    0x000006f4   0x00000240   Code   RO          469    i.Gpio_Init         gpio.o
    0x00000934   0x00000050   Code   RO           21    i.Init_Game         spaceinvaders.o
    0x00000984   0x00000018   Code   RO           22    i.Init_Player       spaceinvaders.o
    0x0000099c   0x00000050   Code   RO           23    i.Init_enemy        spaceinvaders.o
    0x000009ec   0x00000020   Code   RO          284    i.Nokia5110_Clear   virtualnokia5110.o
    0x00000a0c   0x00000018   Code   RO          285    i.Nokia5110_ClearBuffer  virtualnokia5110.o
    0x00000a24   0x00000010   Code   RO          286    i.Nokia5110_DisplayBuffer  virtualnokia5110.o
    0x00000a34   0x00000022   Code   RO          287    i.Nokia5110_DrawFullImage  virtualnokia5110.o
    0x00000a56   0x00000002   PAD
    0x00000a58   0x0000016c   Code   RO          288    i.Nokia5110_Init    virtualnokia5110.o
    0x00000bc4   0x00000038   Code   RO          289    i.Nokia5110_OutChar  virtualnokia5110.o
    0x00000bfc   0x00000016   Code   RO          290    i.Nokia5110_OutString  virtualnokia5110.o
    0x00000c12   0x00000002   PAD
    0x00000c14   0x0000019c   Code   RO          291    i.Nokia5110_OutUDec  virtualnokia5110.o
    0x00000db0   0x000001a8   Code   RO          292    i.Nokia5110_PrintBMP  virtualnokia5110.o
    0x00000f58   0x00000030   Code   RO          293    i.Nokia5110_SetCursor  virtualnokia5110.o
    0x00000f88   0x00000074   Code   RO           24    i.Permutation_Gen   spaceinvaders.o
    0x00000ffc   0x00000020   Code   RO           25    i.Play              spaceinvaders.o
    0x0000101c   0x00000028   Code   RO          294    i.Print_Char        virtualnokia5110.o
    0x00001044   0x000001c2   Code   RO          295    i.Print_Dec         virtualnokia5110.o
    0x00001206   0x00000002   PAD
    0x00001208   0x0000013c   Code   RO           26    i.Start             spaceinvaders.o
    0x00001344   0x0000001c   Code   RO          376    i.Timer0A_Handler   timer0.o
    0x00001360   0x000000ac   Code   RO          377    i.Timer0_Init       timer0.o
    0x0000140c   0x00000020   Code   RO          174    i.Timer4A_Handler   texas.o
    0x0000142c   0x00000030   Code   RO          175    i.Timer5A_Handler   texas.o
    0x0000145c   0x000000ec   Code   RO           27    i.isalive           spaceinvaders.o
    0x00001548   0x0000004c   Code   RO          296    i.lcdwrite          virtualnokia5110.o
    0x00001594   0x000000a0   Code   RO           28    i.main              spaceinvaders.o
    0x00001634   0x00000030   Code   RO           29    i.move_enemy        spaceinvaders.o
    0x00001664   0x00000018   Code   RO           30    i.move_racer        spaceinvaders.o
    0x0000167c   0x00000020   Code   RO           31    i.speed_up          spaceinvaders.o
    0x0000169c   0x00001da7   Data   RO           33    .constdata          spaceinvaders.o
    0x00003443   0x000001e0   Data   RO          298    .constdata          virtualnokia5110.o
    0x00003623   0x00000001   PAD
    0x00003624   0x00000020   Data   RO          698    Region$$Table       anon$$obj.o


    Execution Region ER_RW (Base: 0x20000000, Size: 0x00000248, Max: 0xffffffff, ABSOLUTE, COMPRESSED[0x00000050])

    Base Addr    Size         Type   Attr      Idx    E Section Name        Object

    0x20000000   0x00000024   Data   RW           34    .data               spaceinvaders.o
    0x20000024   0x00000034   Data   RW          184    .data               texas.o
    0x20000058   0x00000008   Data   RW          378    .data               timer0.o
    0x20000060   0x00000004   Data   RW          423    .data               adc_driver.o
    0x20000064   0x000000f0   Data   RW          472    .data               gpio.o
    0x20000154   0x000000f0   Data   RW          528    .data               gpio_cfg.o
    0x20000244   0x00000004   Data   RW           12    DATA                random.o


    Execution Region ER_ZI (Base: 0x20000248, Size: 0x000010f8, Max: 0xffffffff, ABSOLUTE)

    Base Addr    Size         Type   Attr      Idx    E Section Name        Object

    0x20000248   0x000009b8   Zero   RW           32    .bss                spaceinvaders.o
    0x20000c00   0x000001f8   Zero   RW          297    .bss                virtualnokia5110.o
    0x20000df8   0x000000e4   Zero   RW          541    .bss                c_w.l(rand.o)
    0x20000edc   0x00000060   Zero   RW          628    .bss                c_w.l(libspace.o)
    0x20000f3c   0x00000004   PAD
    0x20000f40   0x00000000   Zero   RW            2    HEAP                startup.o
    0x20000f40   0x00000400   Zero   RW            1    STACK               startup.o


==============================================================================

Image component sizes


      Code (inc. data)   RO Data    RW Data    ZI Data      Debug   Object Name

       240         20          0          4          0      24060   adc_driver.o
       576         18          0        240          0      24696   gpio.o
         0          0          0        240          0        180   gpio_cfg.o
        40         12          0          4          0        200   random.o
      1492        280       7591         36       2488      36108   spaceinvaders.o
       692        632          0          0       1024        924   startup.o
        92         32          0         52          0      13077   texas.o
       200         32          0          8          0      24474   timer0.o
      1998         98        480          0        504       9430   virtualnokia5110.o

    ----------------------------------------------------------------------
      5336       1124       8104        584       4016     133149   Object Totals
         0          0         32          0          0          0   (incl. Generated)
         6          0          1          0          0          0   (incl. Padding)

    ----------------------------------------------------------------------

      Code (inc. data)   RO Data    RW Data    ZI Data      Debug   Library Member Name

        90          0          0          0          0          0   __dczerorl2.o
         8          0          0          0          0         68   __main.o
        52          8          0          0          0          0   __scatter.o
        28          0          0          0          0          0   __scatter_zi.o
        12          0          0          0          0         72   exit.o
         6          0          0          0          0        152   heapauxi.o
         0          0          0          0          0          0   indicate_semi.o
         2          0          0          0          0          0   libinit.o
         6          0          0          0          0          0   libinit2.o
         2          0          0          0          0          0   libshutdown.o
         2          0          0          0          0          0   libshutdown2.o
         8          4          0          0         96         68   libspace.o
       112         18          0          0        228        160   rand.o
         0          0          0          0          0          0   rtentry.o
        12          0          0          0          0          0   rtentry2.o
         6          0          0          0          0          0   rtentry4.o
         2          0          0          0          0          0   rtexit.o
        10          0          0          0          0          0   rtexit2.o
        12          4          0          0          0         68   sys_exit.o
        74          0          0          0          0         80   sys_stackheap_outer.o
         2          0          0          0          0         68   use_no_semi.o

    ----------------------------------------------------------------------
       452         34          0          0        328        736   Library Totals
         6          0          0          0          4          0   (incl. Padding)

    ----------------------------------------------------------------------

      Code (inc. data)   RO Data    RW Data    ZI Data      Debug   Library Name

       446         34          0          0        324        736   c_w.l

    ----------------------------------------------------------------------
       452         34          0          0        328        736   Library Totals

    ----------------------------------------------------------------------

==============================================================================


      Code (inc. data)   RO Data    RW Data    ZI Data      Debug   

      5788       1158       8104        584       4344     131909   Grand Totals
      5788       1158       8104         80       4344     131909   ELF Image Totals (compressed)
      5788       1158       8104         80          0          0   ROM Totals

==============================================================================

    Total RO  Size (Code + RO Data)                13892 (  13.57kB)
    Total RW  Size (RW Data + ZI Data)              4928 (   4.81kB)
    Total ROM Size (Code + RO Data + RW Data)      13972 (  13.64kB)

==============================================================================

